---
http_interactions:
- request:
    method: get
    uri: http://localhost:3100/mapi/member/750/capital_stock_balance/2014-12-09
    body:
      encoding: US-ASCII
      string: ''
    headers:
      Accept:
      - "*/*; q=0.5, application/xml"
      Accept-Encoding:
      - gzip, deflate
      Authorization:
      - Token token=""
      User-Agent:
      - Ruby
  response:
    status:
      code: 200
      message: 'OK '
    headers:
      Content-Type:
      - text/html;charset=utf-8
      Content-Length:
      - '76'
      X-Xss-Protection:
      - 1; mode=block
      X-Content-Type-Options:
      - nosniff
      X-Frame-Options:
      - SAMEORIGIN
      Server:
      - WEBrick/1.3.1 (Ruby/2.1.2/2014-05-08)
      Date:
      - Fri, 09 Jan 2015 17:52:10 GMT
      Connection:
      - Keep-Alive
    body:
      encoding: UTF-8
      string: '{"open_balance":55460.0,"close_balance":56355.0,"balance_date":"2014-12-09"}'
    http_version: 
  recorded_at: Fri, 09 Jan 2015 17:52:10 GMT
- request:
    method: get
    uri: http://localhost:3100/mapi/member/750/capital_stock_balance/2015-01-09
    body:
      encoding: US-ASCII
      string: ''
    headers:
      Accept:
      - "*/*; q=0.5, application/xml"
      Accept-Encoding:
      - gzip, deflate
      Authorization:
      - Token token=""
      User-Agent:
      - Ruby
  response:
    status:
      code: 200
      message: 'OK '
    headers:
      Content-Type:
      - text/html;charset=utf-8
      Content-Length:
      - '76'
      X-Xss-Protection:
      - 1; mode=block
      X-Content-Type-Options:
      - nosniff
      X-Frame-Options:
      - SAMEORIGIN
      Server:
      - WEBrick/1.3.1 (Ruby/2.1.2/2014-05-08)
      Date:
      - Fri, 09 Jan 2015 17:52:10 GMT
      Connection:
      - Keep-Alive
    body:
      encoding: UTF-8
      string: '{"open_balance":55460.0,"close_balance":56355.0,"balance_date":"2015-01-09"}'
    http_version: 
  recorded_at: Fri, 09 Jan 2015 17:52:10 GMT
- request:
    method: get
    uri: http://localhost:3100/mapi/member/750/capital_stock_balance/2014-12-12
    body:
      encoding: US-ASCII
      string: ''
    headers:
      Accept:
      - "*/*; q=0.5, application/xml"
      Accept-Encoding:
      - gzip, deflate
      Authorization:
      - Token token=""
      User-Agent:
      - Ruby
  response:
    status:
      code: 200
      message: 'OK '
    headers:
      Content-Type:
      - text/html;charset=utf-8
      Content-Length:
      - '76'
      X-Xss-Protection:
      - 1; mode=block
      X-Content-Type-Options:
      - nosniff
      X-Frame-Options:
      - SAMEORIGIN
      Server:
      - WEBrick/1.3.1 (Ruby/2.1.2/2014-05-08)
      Date:
      - Mon, 12 Jan 2015 16:55:15 GMT
      Connection:
      - Keep-Alive
    body:
      encoding: UTF-8
      string: '{"open_balance":55460.0,"close_balance":56355.0,"balance_date":"2014-12-12"}'
    http_version: 
  recorded_at: Mon, 12 Jan 2015 16:55:15 GMT
- request:
    method: get
    uri: http://localhost:3100/mapi/member/750/capital_stock_balance/2015-01-12
    body:
      encoding: US-ASCII
      string: ''
    headers:
      Accept:
      - "*/*; q=0.5, application/xml"
      Accept-Encoding:
      - gzip, deflate
      Authorization:
      - Token token=""
      User-Agent:
      - Ruby
  response:
    status:
      code: 200
      message: 'OK '
    headers:
      Content-Type:
      - text/html;charset=utf-8
      Content-Length:
      - '76'
      X-Xss-Protection:
      - 1; mode=block
      X-Content-Type-Options:
      - nosniff
      X-Frame-Options:
      - SAMEORIGIN
      Server:
      - WEBrick/1.3.1 (Ruby/2.1.2/2014-05-08)
      Date:
      - Mon, 12 Jan 2015 16:55:15 GMT
      Connection:
      - Keep-Alive
    body:
      encoding: UTF-8
      string: '{"open_balance":55460.0,"close_balance":56355.0,"balance_date":"2015-01-12"}'
    http_version: 
  recorded_at: Mon, 12 Jan 2015 16:55:15 GMT
- request:
    method: get
    uri: http://localhost:3100/mapi/member/750/capital_stock_balance/2014-12-13
    body:
      encoding: US-ASCII
      string: ''
    headers:
      Accept:
      - "*/*; q=0.5, application/xml"
      Accept-Encoding:
      - gzip, deflate
      Authorization:
      - Token token="wfiZWkmv1jkASPv0MEKCOqUnl7kNs3"
      User-Agent:
      - Ruby
  response:
    status:
      code: 200
      message: 'OK '
    headers:
      Content-Type:
      - text/html;charset=utf-8
      Content-Length:
      - '76'
      X-Xss-Protection:
      - 1; mode=block
      X-Content-Type-Options:
      - nosniff
      X-Frame-Options:
      - SAMEORIGIN
      Server:
      - WEBrick/1.3.1 (Ruby/2.1.2/2014-05-08)
      Date:
      - Tue, 13 Jan 2015 17:43:00 GMT
      Connection:
      - Keep-Alive
    body:
      encoding: UTF-8
      string: '{"open_balance":55460.0,"close_balance":56355.0,"balance_date":"2014-12-13"}'
    http_version: 
  recorded_at: Tue, 13 Jan 2015 17:43:00 GMT
- request:
    method: get
    uri: http://localhost:3100/mapi/member/750/capital_stock_balance/2015-01-13
    body:
      encoding: US-ASCII
      string: ''
    headers:
      Accept:
      - "*/*; q=0.5, application/xml"
      Accept-Encoding:
      - gzip, deflate
      Authorization:
      - Token token="wfiZWkmv1jkASPv0MEKCOqUnl7kNs3"
      User-Agent:
      - Ruby
  response:
    status:
      code: 200
      message: 'OK '
    headers:
      Content-Type:
      - text/html;charset=utf-8
      Content-Length:
      - '76'
      X-Xss-Protection:
      - 1; mode=block
      X-Content-Type-Options:
      - nosniff
      X-Frame-Options:
      - SAMEORIGIN
      Server:
      - WEBrick/1.3.1 (Ruby/2.1.2/2014-05-08)
      Date:
      - Tue, 13 Jan 2015 17:43:00 GMT
      Connection:
      - Keep-Alive
    body:
      encoding: UTF-8
      string: '{"open_balance":55460.0,"close_balance":56355.0,"balance_date":"2015-01-13"}'
    http_version: 
  recorded_at: Tue, 13 Jan 2015 17:43:00 GMT
recorded_with: VCR 2.9.3
